Compiling the C compiler identification source file "CMakeCCompilerId.c" failed.
Compiler: /usr/bin/cc 
Build flags: 
Id flags:  

The output was:
1
cc: fatal error: cannot execute ‘cc1’: execvp: Aucun fichier ou dossier de ce nom
compilation terminated.


Compiling the C compiler identification source file "CMakeCCompilerId.c" failed.
Compiler: /usr/bin/cc 
Build flags: 
Id flags: -c 

The output was:
1
cc: fatal error: cannot execute ‘cc1’: execvp: Aucun fichier ou dossier de ce nom
compilation terminated.


Compiling the C compiler identification source file "CMakeCCompilerId.c" failed.
Compiler: /usr/bin/cc 
Build flags: 
Id flags: -Aa 

The output was:
1
cc: fatal error: cannot execute ‘cc1’: execvp: Aucun fichier ou dossier de ce nom
compilation terminated.


Compiling the C compiler identification source file "CMakeCCompilerId.c" failed.
Compiler: /usr/bin/cc 
Build flags: 
Id flags: -D__CLASSIC_C__ 

The output was:
1
cc: fatal error: cannot execute ‘cc1’: execvp: Aucun fichier ou dossier de ce nom
compilation terminated.


Compiling the C compiler identification source file "CMakeCCompilerId.c" failed.
Compiler: /usr/bin/cc 
Build flags: 
Id flags: --target=arm-arm-none-eabi;-mcpu=cortex-m3 

The output was:
1
cc: warning: ‘-mcpu=’ is deprecated; use ‘-mtune=’ or ‘-march=’ instead
cc: error: unrecognized command-line option ‘--target=arm-arm-none-eabi’


Compiling the C compiler identification source file "CMakeCCompilerId.c" failed.
Compiler: /usr/bin/cc 
Build flags: 
Id flags: -c;-I__does_not_exist__ 

The output was:
1
cc: fatal error: cannot execute ‘cc1’: execvp: Aucun fichier ou dossier de ce nom
compilation terminated.


Compiling the C compiler identification source file "CMakeCCompilerId.c" failed.
Compiler: /usr/bin/cc 
Build flags: 
Id flags:  

The output was:
1
cc: fatal error: cannot execute ‘cc1’: execvp: Aucun fichier ou dossier de ce nom
compilation terminated.


Compiling the C compiler identification source file "CMakeCCompilerId.c" failed.
Compiler: /usr/bin/cc 
Build flags: 
Id flags: -c 

The output was:
1
cc: fatal error: cannot execute ‘cc1’: execvp: Aucun fichier ou dossier de ce nom
compilation terminated.


Compiling the C compiler identification source file "CMakeCCompilerId.c" failed.
Compiler: /usr/bin/cc 
Build flags: 
Id flags: -Aa 

The output was:
1
cc: fatal error: cannot execute ‘cc1’: execvp: Aucun fichier ou dossier de ce nom
compilation terminated.


Compiling the C compiler identification source file "CMakeCCompilerId.c" failed.
Compiler: /usr/bin/cc 
Build flags: 
Id flags: -D__CLASSIC_C__ 

The output was:
1
cc: fatal error: cannot execute ‘cc1’: execvp: Aucun fichier ou dossier de ce nom
compilation terminated.


Compiling the C compiler identification source file "CMakeCCompilerId.c" failed.
Compiler: /usr/bin/cc 
Build flags: 
Id flags: --target=arm-arm-none-eabi;-mcpu=cortex-m3 

The output was:
1
cc: warning: ‘-mcpu=’ is deprecated; use ‘-mtune=’ or ‘-march=’ instead
cc: error: unrecognized command-line option ‘--target=arm-arm-none-eabi’


Compiling the C compiler identification source file "CMakeCCompilerId.c" failed.
Compiler: /usr/bin/cc 
Build flags: 
Id flags: -c;-I__does_not_exist__ 

The output was:
1
cc: fatal error: cannot execute ‘cc1’: execvp: Aucun fichier ou dossier de ce nom
compilation terminated.


Checking whether the C compiler is IAR using "" did not match "IAR .+ Compiler":
cc: fatal error: no input files
compilation terminated.
Checking whether the C compiler is IAR using "" did not match "IAR .+ Compiler":
cc: fatal error: no input files
compilation terminated.
Detecting C compiler ABI info failed to compile with the following output:
Change Dir: /home/vincentgodbout/Documents/École/Cégep Hiver 2024/Projet Math/MiniLabo/MiniLabo/CMakeFiles/CMakeTmp

Run Build Command(s):/usr/bin/gmake -f Makefile cmTC_0b8d8/fast && /usr/bin/gmake  -f CMakeFiles/cmTC_0b8d8.dir/build.make CMakeFiles/cmTC_0b8d8.dir/build
gmake[1]: Entering directory '/home/vincentgodbout/Documents/École/Cégep Hiver 2024/Projet Math/MiniLabo/MiniLabo/CMakeFiles/CMakeTmp'
Building C object CMakeFiles/cmTC_0b8d8.dir/CMakeCCompilerABI.c.o
/usr/bin/cc    -o CMakeFiles/cmTC_0b8d8.dir/CMakeCCompilerABI.c.o -c /usr/share/cmake-3.22/Modules/CMakeCCompilerABI.c
cc: fatal error: cannot execute 'cc1': execvp: No such file or directory
compilation terminated.
gmake[1]: *** [CMakeFiles/cmTC_0b8d8.dir/build.make:78: CMakeFiles/cmTC_0b8d8.dir/CMakeCCompilerABI.c.o] Error 1
gmake[1]: Leaving directory '/home/vincentgodbout/Documents/École/Cégep Hiver 2024/Projet Math/MiniLabo/MiniLabo/CMakeFiles/CMakeTmp'
gmake: *** [Makefile:127: cmTC_0b8d8/fast] Error 2




Determining if the C compiler works failed with the following output:
Change Dir: /home/vincentgodbout/Documents/École/Cégep Hiver 2024/Projet Math/MiniLabo/MiniLabo/CMakeFiles/CMakeTmp

Run Build Command(s):/usr/bin/gmake -f Makefile cmTC_90b65/fast && /usr/bin/gmake  -f CMakeFiles/cmTC_90b65.dir/build.make CMakeFiles/cmTC_90b65.dir/build
gmake[1] : on entre dans le répertoire « /home/vincentgodbout/Documents/École/Cégep Hiver 2024/Projet Math/MiniLabo/MiniLabo/CMakeFiles/CMakeTmp »
Building C object CMakeFiles/cmTC_90b65.dir/testCCompiler.c.o
/usr/bin/cc    -o CMakeFiles/cmTC_90b65.dir/testCCompiler.c.o -c "/home/vincentgodbout/Documents/École/Cégep Hiver 2024/Projet Math/MiniLabo/MiniLabo/CMakeFiles/CMakeTmp/testCCompiler.c"
cc: fatal error: cannot execute ‘cc1’: execvp: Aucun fichier ou dossier de ce nom
compilation terminated.
gmake[1]: *** [CMakeFiles/cmTC_90b65.dir/build.make:78 : CMakeFiles/cmTC_90b65.dir/testCCompiler.c.o] Erreur 1
gmake[1] : on quitte le répertoire « /home/vincentgodbout/Documents/École/Cégep Hiver 2024/Projet Math/MiniLabo/MiniLabo/CMakeFiles/CMakeTmp »
gmake: *** [Makefile:127 : cmTC_90b65/fast] Erreur 2



